Initialized native services in: /home/leesh/.gradle/native
Initialized jansi services in: /home/leesh/.gradle/native
The client will now receive all logging from the daemon (pid: 24311). The daemon log file: /home/leesh/.gradle/daemon/8.14.2/daemon-24311.out.log
Starting 99th build in daemon [uptime: 7 hrs 16 mins 48.124 secs, performance: 100%, GC rate: 0.00/s, heap usage: 11% of 512 MiB, non-heap usage: 50% of 384 MiB]
Using 12 worker leases.
Not watching /mnt/c/Users/leesh/Desktop/Study/TechWikiServerUser since the file system is not supported
Watching the file system is configured to be enabled if available
File system watching is active
Starting Build
Settings evaluated using settings file '/mnt/c/Users/leesh/Desktop/Study/TechWikiServerUser/settings.gradle.kts'.
Projects loaded. Root project using build file '/mnt/c/Users/leesh/Desktop/Study/TechWikiServerUser/build.gradle.kts'.
Included projects: [root project 'techwikiplus', project ':common', project ':service', project ':common:snowflake', project ':service:user']
Path for java installation '/usr/lib/jvm/openjdk-21' (Common Linux Locations) auto-detected does not contain a java executable

> Configure project :
Evaluating root project 'techwikiplus' using build file '/mnt/c/Users/leesh/Desktop/Study/TechWikiServerUser/build.gradle.kts'.
Resolved plugin [id: 'org.jetbrains.kotlin.jvm', version: '1.9.25']
Resolved plugin [id: 'org.jetbrains.kotlin.plugin.spring', version: '1.9.25']
Resolved plugin [id: 'org.jetbrains.kotlin.plugin.jpa', version: '1.9.25']
Resolved plugin [id: 'org.springframework.boot', version: '3.5.3']
Resolved plugin [id: 'io.spring.dependency-management', version: '1.1.7']
Resolved plugin [id: 'org.jlleitschuh.gradle.ktlint', version: '12.1.0']
Using Kotlin Gradle Plugin gradle82 variant
kotlin scripting plugin: created the scripting discovery configuration: kotlinScriptDef
kotlin scripting plugin: created the scripting discovery configuration: testKotlinScriptDef
Applying dependency management to configuration 'annotationProcessor' in project 'techwikiplus'
Applying dependency management to configuration 'api' in project 'techwikiplus'
Applying dependency management to configuration 'apiDependenciesMetadata' in project 'techwikiplus'
Applying dependency management to configuration 'apiElements' in project 'techwikiplus'
Applying dependency management to configuration 'archives' in project 'techwikiplus'
Applying dependency management to configuration 'bootArchives' in project 'techwikiplus'
Applying dependency management to configuration 'compileClasspath' in project 'techwikiplus'
Applying dependency management to configuration 'compileOnly' in project 'techwikiplus'
Applying dependency management to configuration 'compileOnlyDependenciesMetadata' in project 'techwikiplus'
Applying dependency management to configuration 'default' in project 'techwikiplus'
Applying dependency management to configuration 'developmentOnly' in project 'techwikiplus'
Applying dependency management to configuration 'implementation' in project 'techwikiplus'
Applying dependency management to configuration 'implementationDependenciesMetadata' in project 'techwikiplus'
Applying dependency management to configuration 'intransitiveDependenciesMetadata' in project 'techwikiplus'
Applying dependency management to configuration 'kotlinBuildToolsApiClasspath' in project 'techwikiplus'
Applying dependency management to configuration 'kotlinCompilerClasspath' in project 'techwikiplus'
Applying dependency management to configuration 'kotlinCompilerPluginClasspath' in project 'techwikiplus'
Applying dependency management to configuration 'kotlinCompilerPluginClasspathMain' in project 'techwikiplus'
Applying dependency management to configuration 'kotlinCompilerPluginClasspathTest' in project 'techwikiplus'
Applying dependency management to configuration 'kotlinKlibCommonizerClasspath' in project 'techwikiplus'
Applying dependency management to configuration 'kotlinNativeCompilerPluginClasspath' in project 'techwikiplus'
Applying dependency management to configuration 'kotlinScriptDef' in project 'techwikiplus'
Applying dependency management to configuration 'kotlinScriptDefExtensions' in project 'techwikiplus'
Applying dependency management to configuration 'mainSourceElements' in project 'techwikiplus'
Applying dependency management to configuration 'productionRuntimeClasspath' in project 'techwikiplus'
Applying dependency management to configuration 'runtimeClasspath' in project 'techwikiplus'
Applying dependency management to configuration 'runtimeElements' in project 'techwikiplus'
Applying dependency management to configuration 'runtimeOnly' in project 'techwikiplus'
Applying dependency management to configuration 'testAndDevelopmentOnly' in project 'techwikiplus'
Applying dependency management to configuration 'testAnnotationProcessor' in project 'techwikiplus'
Applying dependency management to configuration 'testApi' in project 'techwikiplus'
Applying dependency management to configuration 'testApiDependenciesMetadata' in project 'techwikiplus'
Applying dependency management to configuration 'testCompileClasspath' in project 'techwikiplus'
Applying dependency management to configuration 'testCompileOnly' in project 'techwikiplus'
Applying dependency management to configuration 'testCompileOnlyDependenciesMetadata' in project 'techwikiplus'
Applying dependency management to configuration 'testImplementation' in project 'techwikiplus'
Applying dependency management to configuration 'testImplementationDependenciesMetadata' in project 'techwikiplus'
Applying dependency management to configuration 'testIntransitiveDependenciesMetadata' in project 'techwikiplus'
Applying dependency management to configuration 'testKotlinScriptDef' in project 'techwikiplus'
Applying dependency management to configuration 'testKotlinScriptDefExtensions' in project 'techwikiplus'
Applying dependency management to configuration 'testResultsElementsForTest' in project 'techwikiplus'
Applying dependency management to configuration 'testRuntimeClasspath' in project 'techwikiplus'
Applying dependency management to configuration 'testRuntimeOnly' in project 'techwikiplus'
Applying dependency management to configuration 'ktlint' in project 'techwikiplus'
Applying dependency management to configuration 'ktlintRuleset' in project 'techwikiplus'
Applying dependency management to configuration 'ktlintReporter' in project 'techwikiplus'
Applying dependency management to configuration 'ktlintBaselineReporter' in project 'techwikiplus'
Using Kotlin Gradle Plugin gradle82 variant
kotlin scripting plugin: created the scripting discovery configuration: kotlinScriptDef
kotlin scripting plugin: created the scripting discovery configuration: testKotlinScriptDef
Applying dependency management to configuration 'annotationProcessor' in project 'common'
Applying dependency management to configuration 'api' in project 'common'
Applying dependency management to configuration 'apiDependenciesMetadata' in project 'common'
Applying dependency management to configuration 'apiElements' in project 'common'
Applying dependency management to configuration 'archives' in project 'common'
Applying dependency management to configuration 'bootArchives' in project 'common'
Applying dependency management to configuration 'compileClasspath' in project 'common'
Applying dependency management to configuration 'compileOnly' in project 'common'
Applying dependency management to configuration 'compileOnlyDependenciesMetadata' in project 'common'
Applying dependency management to configuration 'default' in project 'common'
Applying dependency management to configuration 'developmentOnly' in project 'common'
Applying dependency management to configuration 'implementation' in project 'common'
Applying dependency management to configuration 'implementationDependenciesMetadata' in project 'common'
Applying dependency management to configuration 'intransitiveDependenciesMetadata' in project 'common'
Applying dependency management to configuration 'kotlinBuildToolsApiClasspath' in project 'common'
Applying dependency management to configuration 'kotlinCompilerClasspath' in project 'common'
Applying dependency management to configuration 'kotlinCompilerPluginClasspath' in project 'common'
Applying dependency management to configuration 'kotlinCompilerPluginClasspathMain' in project 'common'
Applying dependency management to configuration 'kotlinCompilerPluginClasspathTest' in project 'common'
Applying dependency management to configuration 'kotlinKlibCommonizerClasspath' in project 'common'
Applying dependency management to configuration 'kotlinNativeCompilerPluginClasspath' in project 'common'
Applying dependency management to configuration 'kotlinScriptDef' in project 'common'
Applying dependency management to configuration 'kotlinScriptDefExtensions' in project 'common'
Applying dependency management to configuration 'mainSourceElements' in project 'common'
Applying dependency management to configuration 'productionRuntimeClasspath' in project 'common'
Applying dependency management to configuration 'runtimeClasspath' in project 'common'
Applying dependency management to configuration 'runtimeElements' in project 'common'
Applying dependency management to configuration 'runtimeOnly' in project 'common'
Applying dependency management to configuration 'testAndDevelopmentOnly' in project 'common'
Applying dependency management to configuration 'testAnnotationProcessor' in project 'common'
Applying dependency management to configuration 'testApi' in project 'common'
Applying dependency management to configuration 'testApiDependenciesMetadata' in project 'common'
Applying dependency management to configuration 'testCompileClasspath' in project 'common'
Applying dependency management to configuration 'testCompileOnly' in project 'common'
Applying dependency management to configuration 'testCompileOnlyDependenciesMetadata' in project 'common'
Applying dependency management to configuration 'testImplementation' in project 'common'
Applying dependency management to configuration 'testImplementationDependenciesMetadata' in project 'common'
Applying dependency management to configuration 'testIntransitiveDependenciesMetadata' in project 'common'
Applying dependency management to configuration 'testKotlinScriptDef' in project 'common'
Applying dependency management to configuration 'testKotlinScriptDefExtensions' in project 'common'
Applying dependency management to configuration 'testResultsElementsForTest' in project 'common'
Applying dependency management to configuration 'testRuntimeClasspath' in project 'common'
Applying dependency management to configuration 'testRuntimeOnly' in project 'common'
Applying dependency management to configuration 'ktlint' in project 'common'
Applying dependency management to configuration 'ktlintRuleset' in project 'common'
Applying dependency management to configuration 'ktlintReporter' in project 'common'
Applying dependency management to configuration 'ktlintBaselineReporter' in project 'common'
Using Kotlin Gradle Plugin gradle82 variant
kotlin scripting plugin: created the scripting discovery configuration: kotlinScriptDef
kotlin scripting plugin: created the scripting discovery configuration: testKotlinScriptDef
Applying dependency management to configuration 'annotationProcessor' in project 'service'
Applying dependency management to configuration 'api' in project 'service'
Applying dependency management to configuration 'apiDependenciesMetadata' in project 'service'
Applying dependency management to configuration 'apiElements' in project 'service'
Applying dependency management to configuration 'archives' in project 'service'
Applying dependency management to configuration 'bootArchives' in project 'service'
Applying dependency management to configuration 'compileClasspath' in project 'service'
Applying dependency management to configuration 'compileOnly' in project 'service'
Applying dependency management to configuration 'compileOnlyDependenciesMetadata' in project 'service'
Applying dependency management to configuration 'default' in project 'service'
Applying dependency management to configuration 'developmentOnly' in project 'service'
Applying dependency management to configuration 'implementation' in project 'service'
Applying dependency management to configuration 'implementationDependenciesMetadata' in project 'service'
Applying dependency management to configuration 'intransitiveDependenciesMetadata' in project 'service'
Applying dependency management to configuration 'kotlinBuildToolsApiClasspath' in project 'service'
Applying dependency management to configuration 'kotlinCompilerClasspath' in project 'service'
Applying dependency management to configuration 'kotlinCompilerPluginClasspath' in project 'service'
Applying dependency management to configuration 'kotlinCompilerPluginClasspathMain' in project 'service'
Applying dependency management to configuration 'kotlinCompilerPluginClasspathTest' in project 'service'
Applying dependency management to configuration 'kotlinKlibCommonizerClasspath' in project 'service'
Applying dependency management to configuration 'kotlinNativeCompilerPluginClasspath' in project 'service'
Applying dependency management to configuration 'kotlinScriptDef' in project 'service'
Applying dependency management to configuration 'kotlinScriptDefExtensions' in project 'service'
Applying dependency management to configuration 'mainSourceElements' in project 'service'
Applying dependency management to configuration 'productionRuntimeClasspath' in project 'service'
Applying dependency management to configuration 'runtimeClasspath' in project 'service'
Applying dependency management to configuration 'runtimeElements' in project 'service'
Applying dependency management to configuration 'runtimeOnly' in project 'service'
Applying dependency management to configuration 'testAndDevelopmentOnly' in project 'service'
Applying dependency management to configuration 'testAnnotationProcessor' in project 'service'
Applying dependency management to configuration 'testApi' in project 'service'
Applying dependency management to configuration 'testApiDependenciesMetadata' in project 'service'
Applying dependency management to configuration 'testCompileClasspath' in project 'service'
Applying dependency management to configuration 'testCompileOnly' in project 'service'
Applying dependency management to configuration 'testCompileOnlyDependenciesMetadata' in project 'service'
Applying dependency management to configuration 'testImplementation' in project 'service'
Applying dependency management to configuration 'testImplementationDependenciesMetadata' in project 'service'
Applying dependency management to configuration 'testIntransitiveDependenciesMetadata' in project 'service'
Applying dependency management to configuration 'testKotlinScriptDef' in project 'service'
Applying dependency management to configuration 'testKotlinScriptDefExtensions' in project 'service'
Applying dependency management to configuration 'testResultsElementsForTest' in project 'service'
Applying dependency management to configuration 'testRuntimeClasspath' in project 'service'
Applying dependency management to configuration 'testRuntimeOnly' in project 'service'
Applying dependency management to configuration 'ktlint' in project 'service'
Applying dependency management to configuration 'ktlintRuleset' in project 'service'
Applying dependency management to configuration 'ktlintReporter' in project 'service'
Applying dependency management to configuration 'ktlintBaselineReporter' in project 'service'
Using Kotlin Gradle Plugin gradle82 variant
kotlin scripting plugin: created the scripting discovery configuration: kotlinScriptDef
kotlin scripting plugin: created the scripting discovery configuration: testKotlinScriptDef
Applying dependency management to configuration 'annotationProcessor' in project 'snowflake'
Applying dependency management to configuration 'api' in project 'snowflake'
Applying dependency management to configuration 'apiDependenciesMetadata' in project 'snowflake'
Applying dependency management to configuration 'apiElements' in project 'snowflake'
Applying dependency management to configuration 'archives' in project 'snowflake'
Applying dependency management to configuration 'bootArchives' in project 'snowflake'
Applying dependency management to configuration 'compileClasspath' in project 'snowflake'
Applying dependency management to configuration 'compileOnly' in project 'snowflake'
Applying dependency management to configuration 'compileOnlyDependenciesMetadata' in project 'snowflake'
Applying dependency management to configuration 'default' in project 'snowflake'
Applying dependency management to configuration 'developmentOnly' in project 'snowflake'
Applying dependency management to configuration 'implementation' in project 'snowflake'
Applying dependency management to configuration 'implementationDependenciesMetadata' in project 'snowflake'
Applying dependency management to configuration 'intransitiveDependenciesMetadata' in project 'snowflake'
Applying dependency management to configuration 'kotlinBuildToolsApiClasspath' in project 'snowflake'
Applying dependency management to configuration 'kotlinCompilerClasspath' in project 'snowflake'
Applying dependency management to configuration 'kotlinCompilerPluginClasspath' in project 'snowflake'
Applying dependency management to configuration 'kotlinCompilerPluginClasspathMain' in project 'snowflake'
Applying dependency management to configuration 'kotlinCompilerPluginClasspathTest' in project 'snowflake'
Applying dependency management to configuration 'kotlinKlibCommonizerClasspath' in project 'snowflake'
Applying dependency management to configuration 'kotlinNativeCompilerPluginClasspath' in project 'snowflake'
Applying dependency management to configuration 'kotlinScriptDef' in project 'snowflake'
Applying dependency management to configuration 'kotlinScriptDefExtensions' in project 'snowflake'
Applying dependency management to configuration 'mainSourceElements' in project 'snowflake'
Applying dependency management to configuration 'productionRuntimeClasspath' in project 'snowflake'
Applying dependency management to configuration 'runtimeClasspath' in project 'snowflake'
Applying dependency management to configuration 'runtimeElements' in project 'snowflake'
Applying dependency management to configuration 'runtimeOnly' in project 'snowflake'
Applying dependency management to configuration 'testAndDevelopmentOnly' in project 'snowflake'
Applying dependency management to configuration 'testAnnotationProcessor' in project 'snowflake'
Applying dependency management to configuration 'testApi' in project 'snowflake'
Applying dependency management to configuration 'testApiDependenciesMetadata' in project 'snowflake'
Applying dependency management to configuration 'testCompileClasspath' in project 'snowflake'
Applying dependency management to configuration 'testCompileOnly' in project 'snowflake'
Applying dependency management to configuration 'testCompileOnlyDependenciesMetadata' in project 'snowflake'
Applying dependency management to configuration 'testImplementation' in project 'snowflake'
Applying dependency management to configuration 'testImplementationDependenciesMetadata' in project 'snowflake'
Applying dependency management to configuration 'testIntransitiveDependenciesMetadata' in project 'snowflake'
Applying dependency management to configuration 'testKotlinScriptDef' in project 'snowflake'
Applying dependency management to configuration 'testKotlinScriptDefExtensions' in project 'snowflake'
Applying dependency management to configuration 'testResultsElementsForTest' in project 'snowflake'
Applying dependency management to configuration 'testRuntimeClasspath' in project 'snowflake'
Applying dependency management to configuration 'testRuntimeOnly' in project 'snowflake'
Applying dependency management to configuration 'ktlint' in project 'snowflake'
Applying dependency management to configuration 'ktlintRuleset' in project 'snowflake'
Applying dependency management to configuration 'ktlintReporter' in project 'snowflake'
Applying dependency management to configuration 'ktlintBaselineReporter' in project 'snowflake'
Using Kotlin Gradle Plugin gradle82 variant
kotlin scripting plugin: created the scripting discovery configuration: kotlinScriptDef
kotlin scripting plugin: created the scripting discovery configuration: testKotlinScriptDef
Applying dependency management to configuration 'annotationProcessor' in project 'user'
Applying dependency management to configuration 'api' in project 'user'
Applying dependency management to configuration 'apiDependenciesMetadata' in project 'user'
Applying dependency management to configuration 'apiElements' in project 'user'
Applying dependency management to configuration 'archives' in project 'user'
Applying dependency management to configuration 'bootArchives' in project 'user'
Applying dependency management to configuration 'compileClasspath' in project 'user'
Applying dependency management to configuration 'compileOnly' in project 'user'
Applying dependency management to configuration 'compileOnlyDependenciesMetadata' in project 'user'
Applying dependency management to configuration 'default' in project 'user'
Applying dependency management to configuration 'developmentOnly' in project 'user'
Applying dependency management to configuration 'implementation' in project 'user'
Applying dependency management to configuration 'implementationDependenciesMetadata' in project 'user'
Applying dependency management to configuration 'intransitiveDependenciesMetadata' in project 'user'
Applying dependency management to configuration 'kotlinBuildToolsApiClasspath' in project 'user'
Applying dependency management to configuration 'kotlinCompilerClasspath' in project 'user'
Applying dependency management to configuration 'kotlinCompilerPluginClasspath' in project 'user'
Applying dependency management to configuration 'kotlinCompilerPluginClasspathMain' in project 'user'
Applying dependency management to configuration 'kotlinCompilerPluginClasspathTest' in project 'user'
Applying dependency management to configuration 'kotlinKlibCommonizerClasspath' in project 'user'
Applying dependency management to configuration 'kotlinNativeCompilerPluginClasspath' in project 'user'
Applying dependency management to configuration 'kotlinScriptDef' in project 'user'
Applying dependency management to configuration 'kotlinScriptDefExtensions' in project 'user'
Applying dependency management to configuration 'mainSourceElements' in project 'user'
Applying dependency management to configuration 'productionRuntimeClasspath' in project 'user'
Applying dependency management to configuration 'runtimeClasspath' in project 'user'
Applying dependency management to configuration 'runtimeElements' in project 'user'
Applying dependency management to configuration 'runtimeOnly' in project 'user'
Applying dependency management to configuration 'testAndDevelopmentOnly' in project 'user'
Applying dependency management to configuration 'testAnnotationProcessor' in project 'user'
Applying dependency management to configuration 'testApi' in project 'user'
Applying dependency management to configuration 'testApiDependenciesMetadata' in project 'user'
Applying dependency management to configuration 'testCompileClasspath' in project 'user'
Applying dependency management to configuration 'testCompileOnly' in project 'user'
Applying dependency management to configuration 'testCompileOnlyDependenciesMetadata' in project 'user'
Applying dependency management to configuration 'testImplementation' in project 'user'
Applying dependency management to configuration 'testImplementationDependenciesMetadata' in project 'user'
Applying dependency management to configuration 'testIntransitiveDependenciesMetadata' in project 'user'
Applying dependency management to configuration 'testKotlinScriptDef' in project 'user'
Applying dependency management to configuration 'testKotlinScriptDefExtensions' in project 'user'
Applying dependency management to configuration 'testResultsElementsForTest' in project 'user'
Applying dependency management to configuration 'testRuntimeClasspath' in project 'user'
Applying dependency management to configuration 'testRuntimeOnly' in project 'user'
Applying dependency management to configuration 'ktlint' in project 'user'
Applying dependency management to configuration 'ktlintRuleset' in project 'user'
Applying dependency management to configuration 'ktlintReporter' in project 'user'
Applying dependency management to configuration 'ktlintBaselineReporter' in project 'user'
Applying dependency management to configuration 'apiElements-published' in project 'techwikiplus'
Applying dependency management to configuration 'runtimeElements-published' in project 'techwikiplus'

> Configure project :common
Evaluating project ':common' using build file '/mnt/c/Users/leesh/Desktop/Study/TechWikiServerUser/common/build.gradle'.
Applying dependency management to configuration 'apiElements-published' in project 'common'
Applying dependency management to configuration 'runtimeElements-published' in project 'common'

> Configure project :service
Evaluating project ':service' using build file '/mnt/c/Users/leesh/Desktop/Study/TechWikiServerUser/service/build.gradle'.
Applying dependency management to configuration 'apiElements-published' in project 'service'
Applying dependency management to configuration 'runtimeElements-published' in project 'service'

> Configure project :common:snowflake
Evaluating project ':common:snowflake' using build file '/mnt/c/Users/leesh/Desktop/Study/TechWikiServerUser/common/snowflake/build.gradle.kts'.
Applying dependency management to configuration 'apiElements-published' in project 'snowflake'
Applying dependency management to configuration 'runtimeElements-published' in project 'snowflake'

> Configure project :service:user
Evaluating project ':service:user' using build file '/mnt/c/Users/leesh/Desktop/Study/TechWikiServerUser/service/user/build.gradle.kts'.
Resolved plugin [id: 'com.epages.restdocs-api-spec', version: '0.19.0']
Applying dependency management to configuration 'apiElements-published' in project 'user'
Applying dependency management to configuration 'runtimeElements-published' in project 'user'
All projects evaluated.
Task path ':service:user:test' matched project ':service:user'
Task name matched 'test'

[Incubating] Problems report is available at: file:///mnt/c/Users/leesh/Desktop/Study/TechWikiServerUser/build/reports/problems/problems-report.html

Deprecated Gradle features were used in this build, making it incompatible with Gradle 9.0.

You can use '--warning-mode all' to show the individual deprecation warnings and determine if they come from your own scripts or plugins.

For more on this, please refer to https://docs.gradle.org/8.14.2/userguide/command_line_interface.html#sec:command_line_warnings in the Gradle documentation.
